// Jest Snapshot v1, https://goo.gl/fbAQLP

exports[`testing calculator and events testing for events on calculator 1`] = `" <div class=\\"rocket-page d-flex a-center j-center f-col\\"></div>"`;
